// Jest Snapshot v1, https://goo.gl/fbAQLP

exports[`take snapshot 1`] = `
<div>
  <div>
    <div
      class="job-box"
    >
      <h3
        class="title"
      >
        Senior Fullstack Engineer - Platform
      </h3>
      <h4
        class="company-name"
      >
        Segment
      </h4>
      <span>
        San Francisco
      </span>
      <p>
        onsite
      </p>
    </div>
  </div>
</div>
`;
