// Jest Snapshot v1, https://goo.gl/fbAQLP

exports[`show 1`] = `
<div>
  <div
    className="job-box"
  >
    <h3
      className="title"
    >
      Senior Fullstack Engineer - Platform
    </h3>
    <h4
      className="company-name"
    >
      Segment
    </h4>
    <span>
      San Francisco
    </span>
    <p>
      onsite
    </p>
  </div>
</div>
`;
